// Jest Snapshot v1, https://goo.gl/fbAQLP

exports[`renders the UI as expected 1`] = `
<main>
  <div
    className="splash-container"
  >
    <div
      className="splash-size"
    >
      <div
        className="creds-container"
      >
        <main>
          <div
            className="registrationForm"
          >
            <h2>
              Register
            </h2>
            <p>
              
            </p>
            <form
              className="registration-form"
              onSubmit={[Function]}
            >
              <div
                className="input-field"
              >
                <label
                  htmlFor="registration-name-input"
                >
                  Username: 
                </label>
                <input
                  id="registration-name-input"
                  onChange={[Function]}
                  placeholder="username"
                  required={true}
                  type="text"
                  value=""
                />
              </div>
              <div
                className="input-field"
              >
                <label
                  htmlFor="registration-email-input"
                >
                  Email: 
                </label>
                <input
                  id="registration-email-input"
                  onChange={[Function]}
                  placeholder="example@email.com"
                  required={true}
                  type="email"
                  value=""
                />
              </div>
              <div
                className="input-field"
              >
                <label
                  htmlFor="registration-password-input"
                >
                  Password: 
                </label>
                <input
                  id="registration-password-input"
                  onChange={[Function]}
                  placeholder="password"
                  required={true}
                  type="password"
                  value=""
                />
              </div>
              <div>
                <p>
                  Please agree to our Terms of service to register.
                </p>
                <button
                  className="tos-button"
                  onClick={[Function]}
                  type="button"
                >
                  Terms of service
                </button>
              </div>
              <button
                className="submit-button"
                type="submit"
              >
                Register
              </button>
            </form>
          </div>
        </main>
        <div
          className="navigator"
        />
      </div>
      <div
        className="hidden"
      >
        <div
          className="disable"
        />
      </div>
      <div
        className="navigator"
      >
        <button
          onClick={[Function]}
        >
          Already a member?
        </button>
        <p />
        <a
          href="/faqs"
          onClick={[Function]}
        >
          What is Squad Armory?
        </a>
      </div>
    </div>
  </div>
</main>
`;
