// Jest Snapshot v1, https://goo.gl/fbAQLP

exports[`CreatePartyForm component renders the UI as expected 1`] = `
<form
  className="create-party-form"
  onSubmit={[Function]}
>
  <h2>
    Create Party
  </h2>
  <div
    className="input-field"
  >
    <label>
      Party Name
      <input
        onChange={[Function]}
        placeholder="party"
        required={true}
        type="text"
        value=""
      />
    </label>
    <label>
      Description
      <textarea
        id="party-description-input"
        maxLength="140"
        onChange={[Function]}
        placeholder="limit 140 chars"
        type="text"
        value=""
      />
    </label>
    <div
      className="dropdown"
    >
      <label>
        Party Requirements
        <div
          className="css-1pcexqc-container"
          onKeyDown={[Function]}
        >
          <div
            className="css-0 r-dropdown__control"
            onMouseDown={[Function]}
            onTouchEnd={[Function]}
          >
            <div
              className="css-1hwfws3 r-dropdown__value-container"
            >
              <div
                className="css-151xaom-placeholder r-dropdown__placeholder"
              >
                Select...
              </div>
              <input
                className="css-gj7qu5-dummyInput"
                disabled={false}
                id="react-select-4-input"
                onBlur={[Function]}
                onChange={[Function]}
                onFocus={[Function]}
                readOnly={true}
                tabIndex="0"
                value=""
              />
            </div>
            <div
              className="css-1wy0on6 r-dropdown__indicators"
            >
              <span
                className="css-bgvzuu-indicatorSeparator r-dropdown__indicator-separator"
              />
              <div
                aria-hidden="true"
                className="css-16pqwjk-indicatorContainer r-dropdown__indicator r-dropdown__dropdown-indicator"
                onMouseDown={[Function]}
                onTouchEnd={[Function]}
              >
                <svg
                  aria-hidden="true"
                  className="css-19bqh2r"
                  focusable="false"
                  height={20}
                  viewBox="0 0 20 20"
                  width={20}
                >
                  <path
                    d="M4.516 7.548c0.436-0.446 1.043-0.481 1.576 0l3.908 3.747 3.908-3.747c0.533-0.481 1.141-0.446 1.574 0 0.436 0.445 0.408 1.197 0 1.615-0.406 0.418-4.695 4.502-4.695 4.502-0.217 0.223-0.502 0.335-0.787 0.335s-0.57-0.112-0.789-0.335c0 0-4.287-4.084-4.695-4.502s-0.436-1.17 0-1.615z"
                  />
                </svg>
              </div>
            </div>
          </div>
        </div>
      </label>
    </div>
    <div
      className="inactive-dropdown"
    />
    <div
      className="dropdown"
    >
      <label>
        Gamemode
        <div
          className="css-1pcexqc-container"
          onKeyDown={[Function]}
        >
          <div
            className="css-0 r-dropdown__control"
            onMouseDown={[Function]}
            onTouchEnd={[Function]}
          >
            <div
              className="css-1hwfws3 r-dropdown__value-container"
            >
              <div
                className="css-151xaom-placeholder r-dropdown__placeholder"
              >
                Select...
              </div>
              <input
                className="css-gj7qu5-dummyInput"
                disabled={false}
                id="react-select-5-input"
                onBlur={[Function]}
                onChange={[Function]}
                onFocus={[Function]}
                readOnly={true}
                tabIndex="0"
                value=""
              />
            </div>
            <div
              className="css-1wy0on6 r-dropdown__indicators"
            >
              <span
                className="css-bgvzuu-indicatorSeparator r-dropdown__indicator-separator"
              />
              <div
                aria-hidden="true"
                className="css-16pqwjk-indicatorContainer r-dropdown__indicator r-dropdown__dropdown-indicator"
                onMouseDown={[Function]}
                onTouchEnd={[Function]}
              >
                <svg
                  aria-hidden="true"
                  className="css-19bqh2r"
                  focusable="false"
                  height={20}
                  viewBox="0 0 20 20"
                  width={20}
                >
                  <path
                    d="M4.516 7.548c0.436-0.446 1.043-0.481 1.576 0l3.908 3.747 3.908-3.747c0.533-0.481 1.141-0.446 1.574 0 0.436 0.445 0.408 1.197 0 1.615-0.406 0.418-4.695 4.502-4.695 4.502-0.217 0.223-0.502 0.335-0.787 0.335s-0.57-0.112-0.789-0.335c0 0-4.287-4.084-4.695-4.502s-0.436-1.17 0-1.615z"
                  />
                </svg>
              </div>
            </div>
          </div>
        </div>
      </label>
    </div>
  </div>
  <div
    className="spot-container"
  >
    <div
      className="spot_input"
    >
      Owner Spot
    </div>
  </div>
  <button
    className="create-party-reset-button"
    onClick={[Function]}
    type="reset"
  >
    Reset
  </button>
  <button
    className="create-party-button"
    type="submit"
  >
    Create Party
  </button>
  <button
    aria-label="cancel"
    className="create-party-cancel-button"
  >
    Cancel
  </button>
</form>
`;
