// Jest Snapshot v1, https://goo.gl/fbAQLP

exports[`LoginForm component renders the UI as expected 1`] = `
<div>
  <h2>
    Login
  </h2>
  <p />
  <form
    className="LoginForm"
    onSubmit={[Function]}
  >
    <label
      htmlFor="email-input"
    >
      Email or Username: 
    </label>
    <input
      id="email-input"
      name="email-input"
      onChange={[Function]}
      placeholder="username@example.com"
      required={true}
      type="text"
    />
    <label
      htmlFor="password-input"
    >
      Password: 
    </label>
    <input
      id="password-input"
      name="password-input"
      onChange={[Function]}
      required={true}
      type="password"
    />
    <button
      className="submit-button"
      type="submit"
    >
      Login
    </button>
  </form>
</div>
`;
